src/features/dashboard/HabitGrid.tsx(9,1): error TS6133: 'twMerge' is declared but its value is never read.
